// Jest Snapshot v1, https://goo.gl/fbAQLP

exports[`Retrieve ralphbot ECR Stack Synths and snapshots 1`] = `
Object {
  "Parameters": Object {
    "BootstrapVersion": Object {
      "Default": "/cdk-bootstrap/hnb659fds/version",
      "Description": "Version of the CDK Bootstrap resources in this environment, automatically retrieved from SSM Parameter Store. [cdk:skip]",
      "Type": "AWS::SSM::Parameter::Value<String>",
    },
    "SsmParameterValueralphbottokenarnsuffixC96584B6F00A464EAD1953AFF4B05118Parameter": Object {
      "Default": "/ralphbot/token/arn-suffix",
      "Type": "AWS::SSM::Parameter::Value<String>",
    },
  },
  "Resources": Object {
    "ClusterEB0386A7": Object {
      "Type": "AWS::ECS::Cluster",
    },
    "ServiceD69D759B": Object {
      "Properties": Object {
        "Cluster": Object {
          "Ref": "ClusterEB0386A7",
        },
        "DeploymentConfiguration": Object {
          "DeploymentCircuitBreaker": Object {
            "Enable": true,
            "Rollback": true,
          },
          "MaximumPercent": 200,
          "MinimumHealthyPercent": 50,
        },
        "DeploymentController": Object {
          "Type": "ECS",
        },
        "EnableECSManagedTags": false,
        "LaunchType": "FARGATE",
        "NetworkConfiguration": Object {
          "AwsvpcConfiguration": Object {
            "AssignPublicIp": "ENABLED",
            "SecurityGroups": Array [
              Object {
                "Fn::GetAtt": Array [
                  "ServiceSecurityGroupC96ED6A7",
                  "GroupId",
                ],
              },
            ],
            "Subnets": Array [
              Object {
                "Ref": "vpcPublicSubnet1Subnet2E65531E",
              },
            ],
          },
        },
        "TaskDefinition": Object {
          "Ref": "TaskDefinitionB36D86D9",
        },
      },
      "Type": "AWS::ECS::Service",
    },
    "ServiceSecurityGroupC96ED6A7": Object {
      "Properties": Object {
        "GroupDescription": "ralphbot-ops/Service/SecurityGroup",
        "SecurityGroupEgress": Array [
          Object {
            "CidrIp": "0.0.0.0/0",
            "Description": "Allow all outbound traffic by default",
            "IpProtocol": "-1",
          },
        ],
        "VpcId": Object {
          "Ref": "vpcA2121C38",
        },
      },
      "Type": "AWS::EC2::SecurityGroup",
    },
    "TaskDefinitionB36D86D9": Object {
      "Properties": Object {
        "ContainerDefinitions": Array [
          Object {
            "Essential": true,
            "Image": Object {
              "Fn::Join": Array [
                "",
                Array [
                  "12345678901234.dkr.ecr.foo-bar-1.",
                  Object {
                    "Ref": "AWS::URLSuffix",
                  },
                  "/ralphbot/master:2.0.20",
                ],
              ],
            },
            "LogConfiguration": Object {
              "LogDriver": "awslogs",
              "Options": Object {
                "awslogs-group": Object {
                  "Ref": "TaskDefinitionralphbotContainerLogGroup2050EE52",
                },
                "awslogs-region": "foo-bar-1",
                "awslogs-stream-prefix": "ralphbot",
              },
            },
            "Name": "ralphbotContainer",
            "Secrets": Array [
              Object {
                "Name": "BOT_TOKEN",
                "ValueFrom": Object {
                  "Fn::Join": Array [
                    "",
                    Array [
                      "arn:",
                      Object {
                        "Ref": "AWS::Partition",
                      },
                      ":secretsmanager:foo-bar-1:12345678901234:secret:ralphbot/token:token::",
                    ],
                  ],
                },
              },
            ],
          },
        ],
        "Cpu": "256",
        "ExecutionRoleArn": Object {
          "Fn::GetAtt": Array [
            "TaskDefinitionExecutionRole8D61C2FB",
            "Arn",
          ],
        },
        "Family": "ralphbotopsTaskDefinition7E1521A2",
        "Memory": "512",
        "NetworkMode": "awsvpc",
        "RequiresCompatibilities": Array [
          "FARGATE",
        ],
        "TaskRoleArn": Object {
          "Fn::GetAtt": Array [
            "TaskDefinitionTaskRoleFD40A61D",
            "Arn",
          ],
        },
      },
      "Type": "AWS::ECS::TaskDefinition",
    },
    "TaskDefinitionExecutionRole8D61C2FB": Object {
      "Properties": Object {
        "AssumeRolePolicyDocument": Object {
          "Statement": Array [
            Object {
              "Action": "sts:AssumeRole",
              "Effect": "Allow",
              "Principal": Object {
                "Service": "ecs-tasks.amazonaws.com",
              },
            },
          ],
          "Version": "2012-10-17",
        },
      },
      "Type": "AWS::IAM::Role",
    },
    "TaskDefinitionExecutionRoleDefaultPolicy1F3406F5": Object {
      "Properties": Object {
        "PolicyDocument": Object {
          "Statement": Array [
            Object {
              "Action": Array [
                "secretsmanager:GetSecretValue",
                "secretsmanager:DescribeSecret",
              ],
              "Effect": "Allow",
              "Resource": Object {
                "Fn::Join": Array [
                  "",
                  Array [
                    "arn:",
                    Object {
                      "Ref": "AWS::Partition",
                    },
                    ":secretsmanager:foo-bar-1:12345678901234:secret:ralphbot/token-",
                    Object {
                      "Ref": "SsmParameterValueralphbottokenarnsuffixC96584B6F00A464EAD1953AFF4B05118Parameter",
                    },
                  ],
                ],
              },
            },
            Object {
              "Action": Array [
                "ecr:BatchCheckLayerAvailability",
                "ecr:GetDownloadUrlForLayer",
                "ecr:BatchGetImage",
              ],
              "Effect": "Allow",
              "Resource": "arn:aws:ecr:foo-bar-1:12345678901234:repository/ralphbot/master",
            },
            Object {
              "Action": "ecr:GetAuthorizationToken",
              "Effect": "Allow",
              "Resource": "*",
            },
            Object {
              "Action": Array [
                "logs:CreateLogStream",
                "logs:PutLogEvents",
              ],
              "Effect": "Allow",
              "Resource": Object {
                "Fn::GetAtt": Array [
                  "TaskDefinitionralphbotContainerLogGroup2050EE52",
                  "Arn",
                ],
              },
            },
            Object {
              "Action": Array [
                "secretsmanager:GetSecretValue",
                "secretsmanager:DescribeSecret",
              ],
              "Effect": "Allow",
              "Resource": Object {
                "Fn::Join": Array [
                  "",
                  Array [
                    "arn:",
                    Object {
                      "Ref": "AWS::Partition",
                    },
                    ":secretsmanager:foo-bar-1:12345678901234:secret:ralphbot/token-??????",
                  ],
                ],
              },
            },
          ],
          "Version": "2012-10-17",
        },
        "PolicyName": "TaskDefinitionExecutionRoleDefaultPolicy1F3406F5",
        "Roles": Array [
          Object {
            "Ref": "TaskDefinitionExecutionRole8D61C2FB",
          },
        ],
      },
      "Type": "AWS::IAM::Policy",
    },
    "TaskDefinitionTaskRoleFD40A61D": Object {
      "Properties": Object {
        "AssumeRolePolicyDocument": Object {
          "Statement": Array [
            Object {
              "Action": "sts:AssumeRole",
              "Effect": "Allow",
              "Principal": Object {
                "Service": "ecs-tasks.amazonaws.com",
              },
            },
          ],
          "Version": "2012-10-17",
        },
      },
      "Type": "AWS::IAM::Role",
    },
    "TaskDefinitionralphbotContainerLogGroup2050EE52": Object {
      "DeletionPolicy": "Retain",
      "Properties": Object {
        "RetentionInDays": 7,
      },
      "Type": "AWS::Logs::LogGroup",
      "UpdateReplacePolicy": "Retain",
    },
    "vpcA2121C38": Object {
      "Properties": Object {
        "CidrBlock": "10.0.0.0/16",
        "EnableDnsHostnames": true,
        "EnableDnsSupport": true,
        "InstanceTenancy": "default",
        "Tags": Array [
          Object {
            "Key": "Name",
            "Value": "ralphbot-ops/vpc",
          },
        ],
      },
      "Type": "AWS::EC2::VPC",
    },
    "vpcIGWE57CBDCA": Object {
      "Properties": Object {
        "Tags": Array [
          Object {
            "Key": "Name",
            "Value": "ralphbot-ops/vpc",
          },
        ],
      },
      "Type": "AWS::EC2::InternetGateway",
    },
    "vpcIsolatedSubnet1RouteTable0D6B2D3D": Object {
      "Properties": Object {
        "Tags": Array [
          Object {
            "Key": "Name",
            "Value": "ralphbot-ops/vpc/IsolatedSubnet1",
          },
        ],
        "VpcId": Object {
          "Ref": "vpcA2121C38",
        },
      },
      "Type": "AWS::EC2::RouteTable",
    },
    "vpcIsolatedSubnet1RouteTableAssociation172210D4": Object {
      "Properties": Object {
        "RouteTableId": Object {
          "Ref": "vpcIsolatedSubnet1RouteTable0D6B2D3D",
        },
        "SubnetId": Object {
          "Ref": "vpcIsolatedSubnet1Subnet8B28CEB3",
        },
      },
      "Type": "AWS::EC2::SubnetRouteTableAssociation",
    },
    "vpcIsolatedSubnet1Subnet8B28CEB3": Object {
      "Properties": Object {
        "AvailabilityZone": "dummy1a",
        "CidrBlock": "10.0.128.0/17",
        "MapPublicIpOnLaunch": false,
        "Tags": Array [
          Object {
            "Key": "aws-cdk:subnet-name",
            "Value": "Isolated",
          },
          Object {
            "Key": "aws-cdk:subnet-type",
            "Value": "Isolated",
          },
          Object {
            "Key": "Name",
            "Value": "ralphbot-ops/vpc/IsolatedSubnet1",
          },
        ],
        "VpcId": Object {
          "Ref": "vpcA2121C38",
        },
      },
      "Type": "AWS::EC2::Subnet",
    },
    "vpcPublicSubnet1DefaultRoute10708846": Object {
      "DependsOn": Array [
        "vpcVPCGW7984C166",
      ],
      "Properties": Object {
        "DestinationCidrBlock": "0.0.0.0/0",
        "GatewayId": Object {
          "Ref": "vpcIGWE57CBDCA",
        },
        "RouteTableId": Object {
          "Ref": "vpcPublicSubnet1RouteTable48A2DF9B",
        },
      },
      "Type": "AWS::EC2::Route",
    },
    "vpcPublicSubnet1RouteTable48A2DF9B": Object {
      "Properties": Object {
        "Tags": Array [
          Object {
            "Key": "Name",
            "Value": "ralphbot-ops/vpc/PublicSubnet1",
          },
        ],
        "VpcId": Object {
          "Ref": "vpcA2121C38",
        },
      },
      "Type": "AWS::EC2::RouteTable",
    },
    "vpcPublicSubnet1RouteTableAssociation5D3F4579": Object {
      "Properties": Object {
        "RouteTableId": Object {
          "Ref": "vpcPublicSubnet1RouteTable48A2DF9B",
        },
        "SubnetId": Object {
          "Ref": "vpcPublicSubnet1Subnet2E65531E",
        },
      },
      "Type": "AWS::EC2::SubnetRouteTableAssociation",
    },
    "vpcPublicSubnet1Subnet2E65531E": Object {
      "Properties": Object {
        "AvailabilityZone": "dummy1a",
        "CidrBlock": "10.0.0.0/17",
        "MapPublicIpOnLaunch": true,
        "Tags": Array [
          Object {
            "Key": "aws-cdk:subnet-name",
            "Value": "Public",
          },
          Object {
            "Key": "aws-cdk:subnet-type",
            "Value": "Public",
          },
          Object {
            "Key": "Name",
            "Value": "ralphbot-ops/vpc/PublicSubnet1",
          },
        ],
        "VpcId": Object {
          "Ref": "vpcA2121C38",
        },
      },
      "Type": "AWS::EC2::Subnet",
    },
    "vpcVPCGW7984C166": Object {
      "Properties": Object {
        "InternetGatewayId": Object {
          "Ref": "vpcIGWE57CBDCA",
        },
        "VpcId": Object {
          "Ref": "vpcA2121C38",
        },
      },
      "Type": "AWS::EC2::VPCGatewayAttachment",
    },
  },
  "Rules": Object {
    "CheckBootstrapVersion": Object {
      "Assertions": Array [
        Object {
          "Assert": Object {
            "Fn::Not": Array [
              Object {
                "Fn::Contains": Array [
                  Array [
                    "1",
                    "2",
                    "3",
                    "4",
                    "5",
                  ],
                  Object {
                    "Ref": "BootstrapVersion",
                  },
                ],
              },
            ],
          },
          "AssertDescription": "CDK bootstrap stack version 6 required. Please run 'cdk bootstrap' with a recent version of the CDK CLI.",
        },
      ],
    },
  },
}
`;
